<html>
<body>
<pre>
<h1>µVision Build Log</h1>
<h2>Project:</h2>
C:\Users\yamil\OneDrive\Documentos\Trabajos Yamil\Sistemas Digitales\Sistemas Digitales 2022-2\PROYECTO_01_2022\PROYECT_01.uvproj
Project File Date:  11/09/2022

<h2>Output:</h2>
Rebuild target 'Target 1'
assembling startup.s...
compiling main.c...
main.c(213): warning:  #550-D: variable "temp" was set but never used
   unsigned long temp;
main.c(268): warning:  #550-D: variable "temp" was set but never used
        uint32_t temp;
main.c(286): warning:  #550-D: variable "temp" was set but never used
  uint32_t temp;
main.c(342): warning:  #177-D: variable "i" was declared but never referenced
        uint32_t i;
main.c(343): warning:  #550-D: variable "car1" was set but never used
        uint8_t car,car1,car2,car3;
main.c(343): warning:  #550-D: variable "car2" was set but never used
        uint8_t car,car1,car2,car3;
main.c(343): warning:  #550-D: variable "car3" was set but never used
        uint8_t car,car1,car2,car3;
main.c(344): warning:  #550-D: variable "centinela" was set but never used
    uint8_t centinela=1,centinela2=1;
main.c: 8 warnings, 0 errors
linking...
Program Size: Code=3400 RO-data=32 RW-data=4 ZI-data=1028  
".\PROYECT_01.axf" - 0 Error(s), 8 Warning(s).
Load "C:\\Users\\yamil\\OneDrive\\Documentos\\Trabajos Yamil\\Sistemas Digitales\\Sistemas Digitales 2022-2\\PROYECTO_01_2022\\PROYECT_01.axf" 
Connecting: Mode=JTAG, Speed=1000000Hz
Erase Done.
Programming Done.
Verify OK.
</pre>
</body>
</html>
rget DLL has been cancelled
